Game initialized with 2 agents in a 10x10 maze
Trap frequency: 2, Power-up frequency: 2

Turn 0 begins
Agent 0's turn
Agent 0 moved to position (1,7)
Rotating corridor at row 6

Turn 0 begins
Agent 1's turn
Agent 1 moved to position (3,4)
Rotating corridor at row 6

Turn 1 begins
Agent 0's turn
Agent 0 moved to position (2,7)
Rotating corridor at row 6

Turn 1 begins
Agent 1's turn
Agent 1 moved to position (3,3)
Rotating corridor at row 6

Turn 2 begins
Agent 0's turn
Agent 0 moved to position (3,7)
Rotating corridor at row 6

Turn 2 begins
Agent 1's turn
Agent 1 moved to position (3,4)
Rotating corridor at row 6

Turn 3 begins
Agent 0's turn
Agent 0 moved to position (2,7)
Rotating corridor at row 6

Turn 3 begins
Agent 1's turn
Agent 1 moved to position (3,3)
Rotating corridor at row 6

Turn 4 begins
Agent 0's turn
Agent 0 moved to position (1,7)
Rotating corridor at row 6

Turn 4 begins
Agent 1's turn
Agent 1 moved to position (2,3)
Rotating corridor at row 6

Turn 5 begins
Agent 0's turn
Agent 0 moved to position (2,7)
Rotating corridor at row 6

Turn 5 begins
Agent 1's turn
Agent 1 moved to position (1,3)
Agent 1 reached the goal!
Rotating corridor at row 6

Turn 6 begins
Agent 0's turn
Agent 0 moved to position (3,7)
Rotating corridor at row 6

Turn 7 begins
Agent 0's turn
Agent 0 moved to position (2,7)
Rotating corridor at row 6

Turn 8 begins
Agent 0's turn
Agent 0 moved to position (3,7)
Rotating corridor at row 6

Turn 9 begins
Agent 0's turn
Agent 0 moved to position (2,7)
Rotating corridor at row 6

Turn 10 begins
Agent 0's turn
Agent 0 moved to position (3,7)
Rotating corridor at row 6

Turn 11 begins
Agent 0's turn
Agent 0 moved to position (2,7)
Rotating corridor at row 6

Turn 12 begins
Agent 0's turn
Agent 0 moved to position (1,7)
Rotating corridor at row 6

Turn 13 begins
Agent 0's turn
Agent 0 moved to position (2,7)
Rotating corridor at row 6

Turn 14 begins
Agent 0's turn
Agent 0 moved to position (3,7)
Rotating corridor at row 6

Turn 15 begins
Agent 0's turn
Agent 0 moved to position (4,7)
Rotating corridor at row 6

Turn 16 begins
Agent 0's turn
Agent 0 moved to position (5,7)
Rotating corridor at row 6

Turn 17 begins
Agent 0's turn
Agent 0 moved to position (6,7)
Rotating corridor at row 6

Turn 18 begins
Agent 0's turn
Agent 0 moved to position (5,7)
Rotating corridor at row 6

Turn 19 begins
Agent 0's turn
Agent 0 moved to position (6,7)
Rotating corridor at row 6

Turn 20 begins
Agent 0's turn
Agent 0 moved to position (7,7)
Rotating corridor at row 6

Turn 21 begins
Agent 0's turn
Agent 0 moved to position (6,7)
Rotating corridor at row 6

Turn 22 begins
Agent 0's turn
Agent 0 moved to position (7,7)
Rotating corridor at row 6

Turn 23 begins
Agent 0's turn
Agent 0 moved to position (6,7)
Rotating corridor at row 6

Turn 24 begins
Agent 0's turn
Agent 0 moved to position (7,7)
Rotating corridor at row 6

Turn 25 begins
Agent 0's turn
Agent 0 moved to position (6,7)
Rotating corridor at row 6

Turn 26 begins
Agent 0's turn
Agent 0 moved to position (5,7)
Rotating corridor at row 6

Turn 27 begins
Agent 0's turn
Agent 0 moved to position (4,7)
Rotating corridor at row 6

Turn 28 begins
Agent 0's turn
Agent 0 moved to position (5,7)
Rotating corridor at row 6

Turn 29 begins
Agent 0's turn
Agent 0 moved to position (4,7)
Rotating corridor at row 6

Turn 30 begins
Agent 0's turn
Agent 0 moved to position (5,7)
Rotating corridor at row 6

Turn 31 begins
Agent 0's turn
Agent 0 moved to position (4,7)
Rotating corridor at row 6

Turn 32 begins
Agent 0's turn
Agent 0 moved to position (5,7)
Rotating corridor at row 6

Turn 33 begins
Agent 0's turn
Agent 0 moved to position (4,7)
Rotating corridor at row 6

Turn 34 begins
Agent 0's turn
Agent 0 moved to position (3,7)
Rotating corridor at row 6

Turn 35 begins
Agent 0's turn
Agent 0 moved to position (4,7)
Rotating corridor at row 6

Turn 36 begins
Agent 0's turn
Agent 0 moved to position (5,7)
Rotating corridor at row 6

Turn 37 begins
Agent 0's turn
Agent 0 moved to position (4,7)
Rotating corridor at row 6

Turn 38 begins
Agent 0's turn
Agent 0 moved to position (5,7)
Rotating corridor at row 6

Turn 39 begins
Agent 0's turn
Agent 0 moved to position (6,7)
Rotating corridor at row 6

Turn 40 begins
Agent 0's turn
Agent 0 moved to position (5,7)
Rotating corridor at row 6

Turn 41 begins
Agent 0's turn
Agent 0 moved to position (6,7)
Rotating corridor at row 6

Turn 42 begins
Agent 0's turn
Agent 0 moved to position (5,7)
Rotating corridor at row 6

Turn 43 begins
Agent 0's turn
Agent 0 moved to position (4,7)
Rotating corridor at row 6

Turn 44 begins
Agent 0's turn
Agent 0 moved to position (3,7)
Rotating corridor at row 6

Turn 45 begins
Agent 0's turn
Agent 0 moved to position (2,7)
Rotating corridor at row 6

Turn 46 begins
Agent 0's turn
Agent 0 moved to position (3,7)
Rotating corridor at row 6

Turn 47 begins
Agent 0's turn
Agent 0 moved to position (2,7)
Rotating corridor at row 6

Turn 48 begins
Agent 0's turn
Agent 0 moved to position (3,7)
Rotating corridor at row 6

Turn 49 begins
Agent 0's turn
Agent 0 moved to position (4,7)
Rotating corridor at row 6
Maximum turns reached. Game over.
